Category: 📺央视频道, Name: CCTV-1, Total: 109, Valid: 45, Valid Percent: 41.28%, Whitelist: 0, IPv4: 2, IPv6: 107, Min Delay: 0.1 ms, Max Speed: 3.58 M/s, Avg Speed: 0.16 M/s, Max Resolution: 1920x1080
Category: 📺央视频道, Name: CCTV-3, Total: 116, Valid: 56, Valid Percent: 48.28%, Whitelist: 0, IPv4: 2, IPv6: 114, Min Delay: 0.1 ms, Max Speed: 7.05 M/s, Avg Speed: 0.16 M/s, Max Resolution: 1920x1080
Category: 📺央视频道, Name: CCTV-5, Total: 173, Valid: 42, Valid Percent: 24.28%, Whitelist: 0, IPv4: 5, IPv6: 168, Min Delay: 0.1 ms, Max Speed: 25.89 M/s, Avg Speed: 1.07 M/s, Max Resolution: 1920x1080
Category: 📺央视频道, Name: CCTV-5+, Total: 57, Valid: 42, Valid Percent: 73.68%, Whitelist: 0, IPv4: 1, IPv6: 56, Min Delay: 0.1 ms, Max Speed: 27.32 M/s, Avg Speed: 0.65 M/s, Max Resolution: 1920x1080
Category: 📺央视频道, Name: CCTV-9, Total: 124, Valid: 61, Valid Percent: 49.19%, Whitelist: 0, IPv4: 2, IPv6: 122, Min Delay: 0.1 ms, Max Speed: 4.81 M/s, Avg Speed: 0.10 M/s, Max Resolution: 1920x1080
Category: 📺央视频道, Name: CCTV-10, Total: 118, Valid: 59, Valid Percent: 50.00%, Whitelist: 0, IPv4: 2, IPv6: 116, Min Delay: 0.1 ms, Max Speed: 27.09 M/s, Avg Speed: 0.52 M/s, Max Resolution: 1920x1080
Category: 📺央视频道, Name: CCTV-13, Total: 108, Valid: 44, Valid Percent: 40.74%, Whitelist: 0, IPv4: 3, IPv6: 105, Min Delay: 0.1 ms, Max Speed: 3.82 M/s, Avg Speed: 0.25 M/s, Max Resolution: 1920x1080
Category: 💰央视付费频道, Name: 文化精品, Total: 3, Valid: 1, Valid Percent: 33.33%, Whitelist: 0, IPv4: 1, IPv6: 2, Min Delay: 317 ms, Max Speed: 13.91 M/s, Avg Speed: 13.91 M/s, Max Resolution: 1920x1080
Category: 💰央视付费频道, Name: 央视台球, Total: 5, Valid: 2, Valid Percent: 40.00%, Whitelist: 0, IPv4: 1, IPv6: 4, Min Delay: 0.1 ms, Max Speed: 16.11 M/s, Avg Speed: 8.06 M/s, Max Resolution: 1920x1080
Category: 💰央视付费频道, Name: 风云音乐, Total: 3, Valid: 1, Valid Percent: 33.33%, Whitelist: 0, IPv4: 1, IPv6: 2, Min Delay: 68 ms, Max Speed: 1.29 M/s, Avg Speed: 1.29 M/s, Max Resolution: 1920x1080
Category: 💰央视付费频道, Name: 第一剧场, Total: 6, Valid: 0, Valid Percent: 0.00%, Whitelist: 0, IPv4: 0, IPv6: 6, Min Delay: -1 ms, Max Speed: 0.00 M/s, Avg Speed: 0.00 M/s, Max Resolution: None
Category: 💰央视付费频道, Name: 风云剧场, Total: 4, Valid: 1, Valid Percent: 25.00%, Whitelist: 0, IPv4: 1, IPv6: 3, Min Delay: 340 ms, Max Speed: 12.87 M/s, Avg Speed: 12.87 M/s, Max Resolution: 1920x1080
Category: 💰央视付费频道, Name: 怀旧剧场, Total: 6, Valid: 2, Valid Percent: 33.33%, Whitelist: 0, IPv4: 2, IPv6: 4, Min Delay: 329 ms, Max Speed: 13.19 M/s, Avg Speed: 6.69 M/s, Max Resolution: 1920x1080
Category: 💰央视付费频道, Name: 风云足球, Total: 7, Valid: 5, Valid Percent: 71.43%, Whitelist: 0, IPv4: 1, IPv6: 6, Min Delay: 0.1 ms, Max Speed: 19.50 M/s, Avg Speed: 3.90 M/s, Max Resolution: 1920x1080
Category: 💰央视付费频道, Name: 电视指南, Total: 3, Valid: 1, Valid Percent: 33.33%, Whitelist: 0, IPv4: 1, IPv6: 2, Min Delay: 322 ms, Max Speed: 12.08 M/s, Avg Speed: 12.08 M/s, Max Resolution: 1920x1080
Category: 💰央视付费频道, Name: 世界地理, Total: 3, Valid: 2, Valid Percent: 66.67%, Whitelist: 0, IPv4: 1, IPv6: 2, Min Delay: 0.1 ms, Max Speed: 15.05 M/s, Avg Speed: 7.53 M/s, Max Resolution: 1920x1080
Category: 📡卫视频道, Name: 广东卫视, Total: 127, Valid: 60, Valid Percent: 47.24%, Whitelist: 0, IPv4: 2, IPv6: 125, Min Delay: 0.1 ms, Max Speed: 21.69 M/s, Avg Speed: 0.42 M/s, Max Resolution: 1920x1080
Category: 📡卫视频道, Name: 香港卫视, Total: 13, Valid: 5, Valid Percent: 38.46%, Whitelist: 0, IPv4: 0, IPv6: 13, Min Delay: 0.1 ms, Max Speed: 0.00 M/s, Avg Speed: 0.00 M/s, Max Resolution: 1920x1080
Category: 📡卫视频道, Name: 浙江卫视, Total: 179, Valid: 71, Valid Percent: 39.66%, Whitelist: 0, IPv4: 3, IPv6: 176, Min Delay: 0.1 ms, Max Speed: 4.48 M/s, Avg Speed: 0.14 M/s, Max Resolution: 1920x1080
Category: 📡卫视频道, Name: 湖南卫视, Total: 144, Valid: 63, Valid Percent: 43.75%, Whitelist: 0, IPv4: 7, IPv6: 137, Min Delay: 0.1 ms, Max Speed: 10.42 M/s, Avg Speed: 0.47 M/s, Max Resolution: 3840x2160
Category: 📡卫视频道, Name: 北京卫视, Total: 135, Valid: 55, Valid Percent: 40.74%, Whitelist: 0, IPv4: 3, IPv6: 132, Min Delay: 0.1 ms, Max Speed: 20.48 M/s, Avg Speed: 0.68 M/s, Max Resolution: 1920x1080
Category: 📡卫视频道, Name: 湖北卫视, Total: 136, Valid: 71, Valid Percent: 52.21%, Whitelist: 0, IPv4: 1, IPv6: 135, Min Delay: 0.1 ms, Max Speed: 3.54 M/s, Avg Speed: 0.05 M/s, Max Resolution: 1920x1080
Category: 📡卫视频道, Name: 黑龙江卫视, Total: 81, Valid: 58, Valid Percent: 71.60%, Whitelist: 0, IPv4: 0, IPv6: 81, Min Delay: 0.1 ms, Max Speed: 0.00 M/s, Avg Speed: 0.00 M/s, Max Resolution: 1920x1080
Category: 📡卫视频道, Name: 安徽卫视, Total: 80, Valid: 59, Valid Percent: 73.75%, Whitelist: 0, IPv4: 1, IPv6: 79, Min Delay: 0.1 ms, Max Speed: 3.35 M/s, Avg Speed: 0.06 M/s, Max Resolution: 1920x1080
Category: 📡卫视频道, Name: 重庆卫视, Total: 79, Valid: 57, Valid Percent: 72.15%, Whitelist: 0, IPv4: 2, IPv6: 77, Min Delay: 0.1 ms, Max Speed: 8.24 M/s, Avg Speed: 0.21 M/s, Max Resolution: 1920x1080
Category: 📡卫视频道, Name: 东方卫视, Total: 134, Valid: 62, Valid Percent: 46.27%, Whitelist: 0, IPv4: 3, IPv6: 131, Min Delay: 0.1 ms, Max Speed: 15.55 M/s, Avg Speed: 0.41 M/s, Max Resolution: 1920x1080
Category: 📡卫视频道, Name: 东南卫视, Total: 68, Valid: 43, Valid Percent: 63.24%, Whitelist: 0, IPv4: 2, IPv6: 66, Min Delay: 0.1 ms, Max Speed: 12.78 M/s, Avg Speed: 0.38 M/s, Max Resolution: 1920x1080
Category: 📡卫视频道, Name: 甘肃卫视, Total: 42, Valid: 24, Valid Percent: 57.14%, Whitelist: 0, IPv4: 0, IPv6: 42, Min Delay: 0.1 ms, Max Speed: 0.00 M/s, Avg Speed: 0.00 M/s, Max Resolution: 1920x1080
Category: 📡卫视频道, Name: 广西卫视, Total: 54, Valid: 37, Valid Percent: 68.52%, Whitelist: 0, IPv4: 3, IPv6: 51, Min Delay: 0.1 ms, Max Speed: 17.69 M/s, Avg Speed: 0.65 M/s, Max Resolution: 1920x1080
Category: 📡卫视频道, Name: 贵州卫视, Total: 56, Valid: 35, Valid Percent: 62.50%, Whitelist: 0, IPv4: 1, IPv6: 55, Min Delay: 0.1 ms, Max Speed: 3.73 M/s, Avg Speed: 0.11 M/s, Max Resolution: 1920x1080
Category: 📡卫视频道, Name: 海南卫视, Total: 143, Valid: 37, Valid Percent: 25.87%, Whitelist: 0, IPv4: 0, IPv6: 143, Min Delay: 0.1 ms, Max Speed: 0.00 M/s, Avg Speed: 0.00 M/s, Max Resolution: 1920x1080
Category: 📡卫视频道, Name: 河北卫视, Total: 65, Valid: 42, Valid Percent: 64.62%, Whitelist: 0, IPv4: 1, IPv6: 64, Min Delay: 0.1 ms, Max Speed: 3.35 M/s, Avg Speed: 0.08 M/s, Max Resolution: 1920x1080
Category: 📡卫视频道, Name: 河南卫视, Total: 112, Valid: 50, Valid Percent: 44.64%, Whitelist: 0, IPv4: 1, IPv6: 111, Min Delay: 0.1 ms, Max Speed: 27.22 M/s, Avg Speed: 0.54 M/s, Max Resolution: 1920x1080
Category: 📡卫视频道, Name: 吉林卫视, Total: 120, Valid: 56, Valid Percent: 46.67%, Whitelist: 0, IPv4: 2, IPv6: 118, Min Delay: 0.1 ms, Max Speed: 19.03 M/s, Avg Speed: 0.41 M/s, Max Resolution: 1920x1080
Category: 📡卫视频道, Name: 江苏卫视, Total: 129, Valid: 64, Valid Percent: 49.61%, Whitelist: 0, IPv4: 1, IPv6: 128, Min Delay: 0.1 ms, Max Speed: 17.93 M/s, Avg Speed: 0.28 M/s, Max Resolution: 1920x1080
Category: 📡卫视频道, Name: 江西卫视, Total: 132, Valid: 65, Valid Percent: 49.24%, Whitelist: 0, IPv4: 1, IPv6: 131, Min Delay: 0.1 ms, Max Speed: 3.42 M/s, Avg Speed: 0.05 M/s, Max Resolution: 1920x1080
Category: 📡卫视频道, Name: 辽宁卫视, Total: 109, Valid: 41, Valid Percent: 37.61%, Whitelist: 0, IPv4: 2, IPv6: 107, Min Delay: 0.1 ms, Max Speed: 13.13 M/s, Avg Speed: 0.40 M/s, Max Resolution: 1920x1080
Category: 📡卫视频道, Name: 内蒙古卫视, Total: 83, Valid: 22, Valid Percent: 26.51%, Whitelist: 0, IPv4: 1, IPv6: 82, Min Delay: 0.1 ms, Max Speed: 4.28 M/s, Avg Speed: 0.19 M/s, Max Resolution: 1920x1080
Category: 📡卫视频道, Name: 宁夏卫视, Total: 55, Valid: 21, Valid Percent: 38.18%, Whitelist: 0, IPv4: 1, IPv6: 54, Min Delay: 0.1 ms, Max Speed: 9.44 M/s, Avg Speed: 0.45 M/s, Max Resolution: 1920x1080
Category: 📡卫视频道, Name: 青海卫视, Total: 91, Valid: 28, Valid Percent: 30.77%, Whitelist: 0, IPv4: 2, IPv6: 89, Min Delay: 0.1 ms, Max Speed: 17.49 M/s, Avg Speed: 0.74 M/s, Max Resolution: 1920x1080
Category: 📡卫视频道, Name: 山东卫视, Total: 65, Valid: 42, Valid Percent: 64.62%, Whitelist: 0, IPv4: 1, IPv6: 64, Min Delay: 0.1 ms, Max Speed: 10.61 M/s, Avg Speed: 0.25 M/s, Max Resolution: 1920x1080
Category: 📡卫视频道, Name: 山西卫视, Total: 30, Valid: 14, Valid Percent: 46.67%, Whitelist: 0, IPv4: 2, IPv6: 28, Min Delay: 0.1 ms, Max Speed: 5.21 M/s, Avg Speed: 0.60 M/s, Max Resolution: 1920x1080
Category: 📡卫视频道, Name: 陕西卫视, Total: 86, Valid: 24, Valid Percent: 27.91%, Whitelist: 0, IPv4: 2, IPv6: 84, Min Delay: 0.1 ms, Max Speed: 11.00 M/s, Avg Speed: 0.59 M/s, Max Resolution: 1920x1080
Category: 📡卫视频道, Name: 四川卫视, Total: 51, Valid: 31, Valid Percent: 60.78%, Whitelist: 0, IPv4: 1, IPv6: 50, Min Delay: 0.1 ms, Max Speed: 7.28 M/s, Avg Speed: 0.23 M/s, Max Resolution: 1920x1080
Category: 📡卫视频道, Name: 深圳卫视, Total: 57, Valid: 35, Valid Percent: 61.40%, Whitelist: 0, IPv4: 2, IPv6: 55, Min Delay: 0.1 ms, Max Speed: 19.89 M/s, Avg Speed: 0.67 M/s, Max Resolution: 1920x1080
Category: 📡卫视频道, Name: 三沙卫视, Total: 63, Valid: 12, Valid Percent: 19.05%, Whitelist: 0, IPv4: 1, IPv6: 62, Min Delay: 0.1 ms, Max Speed: 8.90 M/s, Avg Speed: 0.74 M/s, Max Resolution: 1920x1080
Category: 📡卫视频道, Name: 天津卫视, Total: 62, Valid: 42, Valid Percent: 67.74%, Whitelist: 0, IPv4: 2, IPv6: 60, Min Delay: 0.1 ms, Max Speed: 18.10 M/s, Avg Speed: 0.54 M/s, Max Resolution: 1920x1080
Category: 📡卫视频道, Name: 西藏卫视, Total: 35, Valid: 21, Valid Percent: 60.00%, Whitelist: 0, IPv4: 0, IPv6: 35, Min Delay: 0.1 ms, Max Speed: 0.00 M/s, Avg Speed: 0.00 M/s, Max Resolution: 1920x1080
Category: 📡卫视频道, Name: 新疆卫视, Total: 39, Valid: 21, Valid Percent: 53.85%, Whitelist: 0, IPv4: 0, IPv6: 39, Min Delay: 0.1 ms, Max Speed: 0.00 M/s, Avg Speed: 0.00 M/s, Max Resolution: 1920x1080
Category: 📡卫视频道, Name: 云南卫视, Total: 45, Valid: 26, Valid Percent: 57.78%, Whitelist: 0, IPv4: 2, IPv6: 43, Min Delay: 0.1 ms, Max Speed: 17.08 M/s, Avg Speed: 0.79 M/s, Max Resolution: 1920x1080
Category: ☘️广东频道, Name: 广州影视, Total: 32, Valid: 31, Valid Percent: 96.88%, Whitelist: 0, IPv4: 0, IPv6: 32, Min Delay: 0.1 ms, Max Speed: 0.00 M/s, Avg Speed: 0.00 M/s, Max Resolution: 1920x1080
Category: ☘️湖北频道, Name: 湖北经视, Total: 4, Valid: 2, Valid Percent: 50.00%, Whitelist: 0, IPv4: 0, IPv6: 4, Min Delay: 0.1 ms, Max Speed: 0.00 M/s, Avg Speed: 0.00 M/s, Max Resolution: 1920x1080
Category: ☘️湖北频道, Name: 湖北影视, Total: 4, Valid: 2, Valid Percent: 50.00%, Whitelist: 0, IPv4: 0, IPv6: 4, Min Delay: 0.1 ms, Max Speed: 0.00 M/s, Avg Speed: 0.00 M/s, Max Resolution: 1920x1080
Category: ☘️湖北频道, Name: 武汉一台新闻综合, Total: 5, Valid: 5, Valid Percent: 100.00%, Whitelist: 0, IPv4: 0, IPv6: 5, Min Delay: 0.1 ms, Max Speed: 0.00 M/s, Avg Speed: 0.00 M/s, Max Resolution: 1920x1080
Category: ☘️湖北频道, Name: 武汉二台电视剧, Total: 2, Valid: 2, Valid Percent: 100.00%, Whitelist: 0, IPv4: 0, IPv6: 2, Min Delay: 0.1 ms, Max Speed: 0.00 M/s, Avg Speed: 0.00 M/s, Max Resolution: 1920x1080
Category: ☘️广西频道, Name: 南宁影视娱乐, Total: 6, Valid: 1, Valid Percent: 16.67%, Whitelist: 0, IPv4: 0, IPv6: 6, Min Delay: 0.1 ms, Max Speed: 0.00 M/s, Avg Speed: 0.00 M/s, Max Resolution: 1920x1080
Category: 🌊港·澳·台, Name: 翡翠台, Total: 187, Valid: 17, Valid Percent: 9.09%, Whitelist: 0, IPv4: 0, IPv6: 187, Min Delay: 0.1 ms, Max Speed: 0.00 M/s, Avg Speed: 0.00 M/s, Max Resolution: 1920x1080
Category: 🌊港·澳·台, Name: 明珠台, Total: 99, Valid: 0, Valid Percent: 0.00%, Whitelist: 0, IPv4: 0, IPv6: 99, Min Delay: -1 ms, Max Speed: 0.00 M/s, Avg Speed: 0.00 M/s, Max Resolution: None
Category: 🌊港·澳·台, Name: 凤凰中文, Total: 133, Valid: 19, Valid Percent: 14.29%, Whitelist: 0, IPv4: 0, IPv6: 133, Min Delay: 0.1 ms, Max Speed: 0.00 M/s, Avg Speed: 0.00 M/s, Max Resolution: 1920x1080
Category: 🌊港·澳·台, Name: 凤凰资讯, Total: 148, Valid: 35, Valid Percent: 23.65%, Whitelist: 0, IPv4: 0, IPv6: 148, Min Delay: 0.1 ms, Max Speed: 0.00 M/s, Avg Speed: 0.00 M/s, Max Resolution: 1920x1080
Category: 🌊港·澳·台, Name: 凤凰香港, Total: 116, Valid: 15, Valid Percent: 12.93%, Whitelist: 0, IPv4: 0, IPv6: 116, Min Delay: 0.1 ms, Max Speed: 0.00 M/s, Avg Speed: 0.00 M/s, Max Resolution: 1920x1080
Category: 🌊港·澳·台, Name: 凤凰卫视, Total: 7, Valid: 4, Valid Percent: 57.14%, Whitelist: 0, IPv4: 0, IPv6: 7, Min Delay: 0.1 ms, Max Speed: 0.00 M/s, Avg Speed: 0.00 M/s, Max Resolution: 1920x1080
Category: 🌊港·澳·台, Name: TVBS亚洲, Total: 2, Valid: 1, Valid Percent: 50.00%, Whitelist: 0, IPv4: 0, IPv6: 2, Min Delay: 0.1 ms, Max Speed: 0.00 M/s, Avg Speed: 0.00 M/s, Max Resolution: 1920x1080
Category: 🌊港·澳·台, Name: 香港卫视, Total: 13, Valid: 5, Valid Percent: 38.46%, Whitelist: 0, IPv4: 0, IPv6: 13, Min Delay: 0.1 ms, Max Speed: 0.00 M/s, Avg Speed: 0.00 M/s, Max Resolution: 1920x1080
Category: 🌊港·澳·台, Name: 纬来体育, Total: 11, Valid: 8, Valid Percent: 72.73%, Whitelist: 0, IPv4: 3, IPv6: 8, Min Delay: 0.1 ms, Max Speed: 19.03 M/s, Avg Speed: 6.46 M/s, Max Resolution: 1920x1080
Category: 🌊港·澳·台, Name: 纬来育乐, Total: 21, Valid: 0, Valid Percent: 0.00%, Whitelist: 0, IPv4: 0, IPv6: 21, Min Delay: -1 ms, Max Speed: 0.00 M/s, Avg Speed: 0.00 M/s, Max Resolution: None
Category: 🌊港·澳·台, Name: J2, Total: 2, Valid: 1, Valid Percent: 50.00%, Whitelist: 0, IPv4: 0, IPv6: 2, Min Delay: 0.1 ms, Max Speed: 0.00 M/s, Avg Speed: 0.00 M/s, Max Resolution: 1920x1080
Category: 🌊港·澳·台, Name: Viutv, Total: 1, Valid: 1, Valid Percent: 100.00%, Whitelist: 0, IPv4: 0, IPv6: 1, Min Delay: 0.1 ms, Max Speed: 0.00 M/s, Avg Speed: 0.00 M/s, Max Resolution: 1920x1080
Category: 🌊港·澳·台, Name: 三立台湾, Total: 2, Valid: 2, Valid Percent: 100.00%, Whitelist: 0, IPv4: 1, IPv6: 1, Min Delay: 0.1 ms, Max Speed: 23.51 M/s, Avg Speed: 11.76 M/s, Max Resolution: 1920x1080
Category: 🌊港·澳·台, Name: 无线新闻, Total: 5, Valid: 5, Valid Percent: 100.00%, Whitelist: 0, IPv4: 0, IPv6: 5, Min Delay: 0.1 ms, Max Speed: 0.00 M/s, Avg Speed: 0.00 M/s, Max Resolution: 1920x1080
Category: 🌊港·澳·台, Name: 三立新闻, Total: 10, Valid: 6, Valid Percent: 60.00%, Whitelist: 0, IPv4: 1, IPv6: 9, Min Delay: 0.1 ms, Max Speed: 20.89 M/s, Avg Speed: 3.48 M/s, Max Resolution: 1920x1080
Category: 🌊港·澳·台, Name: 东森综合, Total: 5, Valid: 4, Valid Percent: 80.00%, Whitelist: 0, IPv4: 3, IPv6: 2, Min Delay: 0.1 ms, Max Speed: 25.72 M/s, Avg Speed: 15.47 M/s, Max Resolution: 1920x1080
Category: 🌊港·澳·台, Name: 东森超视, Total: 13, Valid: 8, Valid Percent: 61.54%, Whitelist: 0, IPv4: 3, IPv6: 10, Min Delay: 0.1 ms, Max Speed: 23.48 M/s, Avg Speed: 8.28 M/s, Max Resolution: 1920x1080
Category: 🌊港·澳·台, Name: 东森电影, Total: 7, Valid: 5, Valid Percent: 71.43%, Whitelist: 0, IPv4: 1, IPv6: 6, Min Delay: 0.1 ms, Max Speed: 27.93 M/s, Avg Speed: 5.59 M/s, Max Resolution: 1920x1080
Category: 🌊港·澳·台, Name: Now剧集, Total: 1, Valid: 0, Valid Percent: 0.00%, Whitelist: 0, IPv4: 0, IPv6: 1, Min Delay: -1 ms, Max Speed: 0.00 M/s, Avg Speed: 0.00 M/s, Max Resolution: None
Category: 🌊港·澳·台, Name: Now华剧, Total: 1, Valid: 1, Valid Percent: 100.00%, Whitelist: 0, IPv4: 1, IPv6: 0, Min Delay: 2593 ms, Max Speed: 0.18 M/s, Avg Speed: 0.18 M/s, Max Resolution: 864x720
Category: 🌊港·澳·台, Name: 靖天资讯, Total: 25, Valid: 1, Valid Percent: 4.00%, Whitelist: 0, IPv4: 1, IPv6: 24, Min Delay: 13 ms, Max Speed: 23.95 M/s, Avg Speed: 23.95 M/s, Max Resolution: 1920x1080
Category: 🎬电影频道, Name: CHC家庭影院, Total: 45, Valid: 9, Valid Percent: 20.00%, Whitelist: 0, IPv4: 0, IPv6: 45, Min Delay: 0.1 ms, Max Speed: 0.00 M/s, Avg Speed: 0.00 M/s, Max Resolution: 1920x1080
Category: 🎬电影频道, Name: CHC动作电影, Total: 45, Valid: 17, Valid Percent: 37.78%, Whitelist: 0, IPv4: 0, IPv6: 45, Min Delay: 0.1 ms, Max Speed: 0.00 M/s, Avg Speed: 0.00 M/s, Max Resolution: 1920x1080
Category: 🎬电影频道, Name: CHC高清电影, Total: 6, Valid: 3, Valid Percent: 50.00%, Whitelist: 0, IPv4: 6, IPv6: 0, Min Delay: 10005 ms, Max Speed: 0.31 M/s, Avg Speed: 0.11 M/s, Max Resolution: 1920x1080
Category: 🎬电影频道, Name: 淘剧场, Total: 5, Valid: 2, Valid Percent: 40.00%, Whitelist: 0, IPv4: 0, IPv6: 5, Min Delay: 0.1 ms, Max Speed: 0.00 M/s, Avg Speed: 0.00 M/s, Max Resolution: 1920x1080
Category: 🎬电影频道, Name: 淘娱乐, Total: 5, Valid: 2, Valid Percent: 40.00%, Whitelist: 0, IPv4: 0, IPv6: 5, Min Delay: 0.1 ms, Max Speed: 0.00 M/s, Avg Speed: 0.00 M/s, Max Resolution: 1920x1080
Category: 🎬电影频道, Name: 淘电影, Total: 17, Valid: 17, Valid Percent: 100.00%, Whitelist: 0, IPv4: 0, IPv6: 17, Min Delay: 0.1 ms, Max Speed: 0.00 M/s, Avg Speed: 0.00 M/s, Max Resolution: 1920x1080
Category: 🎬电影频道, Name: NewTV惊悚悬疑, Total: 9, Valid: 1, Valid Percent: 11.11%, Whitelist: 0, IPv4: 0, IPv6: 9, Min Delay: 0.1 ms, Max Speed: 0.00 M/s, Avg Speed: 0.00 M/s, Max Resolution: 1920x1080
Category: 🎬电影频道, Name: NewTV动作电影, Total: 3, Valid: 1, Valid Percent: 33.33%, Whitelist: 0, IPv4: 0, IPv6: 3, Min Delay: 0.1 ms, Max Speed: 0.00 M/s, Avg Speed: 0.00 M/s, Max Resolution: 1920x1080
Category: 🎬电影频道, Name: 黑莓电影, Total: 13, Valid: 9, Valid Percent: 69.23%, Whitelist: 0, IPv4: 0, IPv6: 13, Min Delay: 0.1 ms, Max Speed: 0.00 M/s, Avg Speed: 0.00 M/s, Max Resolution: 1920x1080
Category: 🎬电影频道, Name: 纬来电影, Total: 27, Valid: 0, Valid Percent: 0.00%, Whitelist: 0, IPv4: 0, IPv6: 27, Min Delay: -1 ms, Max Speed: 0.00 M/s, Avg Speed: 0.00 M/s, Max Resolution: None
Category: 🎬电影频道, Name: 靖天映画, Total: 8, Valid: 1, Valid Percent: 12.50%, Whitelist: 0, IPv4: 1, IPv6: 7, Min Delay: 18 ms, Max Speed: 17.49 M/s, Avg Speed: 17.49 M/s, Max Resolution: 1920x1080
Category: 🎬电影频道, Name: 靖天戏剧, Total: 23, Valid: 2, Valid Percent: 8.70%, Whitelist: 0, IPv4: 1, IPv6: 22, Min Delay: 0.1 ms, Max Speed: 20.90 M/s, Avg Speed: 10.45 M/s, Max Resolution: 1920x1080
Category: 🎬电影频道, Name: 经典电影, Total: 10, Valid: 7, Valid Percent: 70.00%, Whitelist: 0, IPv4: 1, IPv6: 9, Min Delay: 0.1 ms, Max Speed: 21.87 M/s, Avg Speed: 3.12 M/s, Max Resolution: 1920x1080
Category: 🎬电影频道, Name: IPTV经典电影, Total: 1, Valid: 1, Valid Percent: 100.00%, Whitelist: 0, IPv4: 1, IPv6: 0, Min Delay: 155 ms, Max Speed: 5.89 M/s, Avg Speed: 5.89 M/s, Max Resolution: 1920x1080
Category: 🎬电影频道, Name: 天映经典, Total: 34, Valid: 1, Valid Percent: 2.94%, Whitelist: 0, IPv4: 1, IPv6: 33, Min Delay: 16 ms, Max Speed: 19.05 M/s, Avg Speed: 19.05 M/s, Max Resolution: 1920x1080
Category: 🎬电影频道, Name: 无线星河, Total: 8, Valid: 1, Valid Percent: 12.50%, Whitelist: 0, IPv4: 0, IPv6: 8, Min Delay: 0.1 ms, Max Speed: 0.00 M/s, Avg Speed: 0.00 M/s, Max Resolution: 1920x1080
Category: 🎬电影频道, Name: 星空卫视, Total: 7, Valid: 2, Valid Percent: 28.57%, Whitelist: 0, IPv4: 1, IPv6: 6, Min Delay: 0.1 ms, Max Speed: 30.07 M/s, Avg Speed: 15.03 M/s, Max Resolution: 1920x1080
Category: 🎬电影频道, Name: 东森电影, Total: 6, Valid: 4, Valid Percent: 66.67%, Whitelist: 0, IPv4: 0, IPv6: 6, Min Delay: 0.1 ms, Max Speed: 0.00 M/s, Avg Speed: 0.00 M/s, Max Resolution: 1920x1080
Category: 🎬电影频道, Name: 龙祥电影, Total: 2, Valid: 0, Valid Percent: 0.00%, Whitelist: 0, IPv4: 0, IPv6: 2, Min Delay: -1 ms, Max Speed: 0.00 M/s, Avg Speed: 0.00 M/s, Max Resolution: None
Category: 🎬电影频道, Name: 东森洋片, Total: 24, Valid: 1, Valid Percent: 4.17%, Whitelist: 0, IPv4: 1, IPv6: 23, Min Delay: 14 ms, Max Speed: 22.15 M/s, Avg Speed: 22.15 M/s, Max Resolution: 1920x1080
Category: 🎬电影频道, Name: 东森超视, Total: 10, Valid: 5, Valid Percent: 50.00%, Whitelist: 0, IPv4: 0, IPv6: 10, Min Delay: 0.1 ms, Max Speed: 0.00 M/s, Avg Speed: 0.00 M/s, Max Resolution: 1920x1080
Category: 🏀体育频道, Name: CCTV-5, Total: 168, Valid: 37, Valid Percent: 22.02%, Whitelist: 0, IPv4: 0, IPv6: 168, Min Delay: 0.1 ms, Max Speed: 0.00 M/s, Avg Speed: 0.00 M/s, Max Resolution: 1920x1080
Category: 🏀体育频道, Name: CCTV-5+, Total: 56, Valid: 41, Valid Percent: 73.21%, Whitelist: 0, IPv4: 0, IPv6: 56, Min Delay: 0.1 ms, Max Speed: 0.00 M/s, Avg Speed: 0.00 M/s, Max Resolution: 1920x1080
Category: 🏀体育频道, Name: 广东体育, Total: 122, Valid: 9, Valid Percent: 7.38%, Whitelist: 0, IPv4: 0, IPv6: 122, Min Delay: 0.1 ms, Max Speed: 0.00 M/s, Avg Speed: 0.00 M/s, Max Resolution: 1920x1080
Category: 🏀体育频道, Name: 纬来体育, Total: 8, Valid: 5, Valid Percent: 62.50%, Whitelist: 0, IPv4: 0, IPv6: 8, Min Delay: 0.1 ms, Max Speed: 0.00 M/s, Avg Speed: 0.00 M/s, Max Resolution: 1920x1080
Category: 🏀体育频道, Name: 五星体育, Total: 72, Valid: 18, Valid Percent: 25.00%, Whitelist: 0, IPv4: 0, IPv6: 72, Min Delay: 0.1 ms, Max Speed: 0.00 M/s, Avg Speed: 0.00 M/s, Max Resolution: 1920x1080
Category: 🏀体育频道, Name: 劲爆体育, Total: 8, Valid: 8, Valid Percent: 100.00%, Whitelist: 0, IPv4: 0, IPv6: 8, Min Delay: 0.1 ms, Max Speed: 0.00 M/s, Avg Speed: 0.00 M/s, Max Resolution: 1920x1080
Category: 🏀体育频道, Name: 爱体育, Total: 5, Valid: 4, Valid Percent: 80.00%, Whitelist: 0, IPv4: 0, IPv6: 5, Min Delay: 0.1 ms, Max Speed: 0.00 M/s, Avg Speed: 0.00 M/s, Max Resolution: 1920x1080
Category: 🏀体育频道, Name: 超级体育, Total: 7, Valid: 6, Valid Percent: 85.71%, Whitelist: 0, IPv4: 0, IPv6: 7, Min Delay: 0.1 ms, Max Speed: 0.00 M/s, Avg Speed: 0.00 M/s, Max Resolution: 1920x1080
Category: 🏀体育频道, Name: 精品体育, Total: 7, Valid: 5, Valid Percent: 71.43%, Whitelist: 0, IPv4: 0, IPv6: 7, Min Delay: 0.1 ms, Max Speed: 0.00 M/s, Avg Speed: 0.00 M/s, Max Resolution: 1920x1080
Category: 🏀体育频道, Name: 广州竞赛, Total: 21, Valid: 10, Valid Percent: 47.62%, Whitelist: 0, IPv4: 0, IPv6: 21, Min Delay: 0.1 ms, Max Speed: 0.00 M/s, Avg Speed: 0.00 M/s, Max Resolution: 1920x1080
Category: 🏀体育频道, Name: 辽宁体育, Total: 2, Valid: 2, Valid Percent: 100.00%, Whitelist: 0, IPv4: 0, IPv6: 2, Min Delay: 0.1 ms, Max Speed: 0.00 M/s, Avg Speed: 0.00 M/s, Max Resolution: 1920x1080
Category: 🏀体育频道, Name: 山东体育, Total: 14, Valid: 12, Valid Percent: 85.71%, Whitelist: 0, IPv4: 2, IPv6: 12, Min Delay: 0.1 ms, Max Speed: 9.94 M/s, Avg Speed: 1.42 M/s, Max Resolution: 1920x1080
Category: 🏀体育频道, Name: 天津体育, Total: 1, Valid: 1, Valid Percent: 100.00%, Whitelist: 0, IPv4: 1, IPv6: 0, Min Delay: 749 ms, Max Speed: 0.87 M/s, Avg Speed: 0.87 M/s, Max Resolution: 1920x1080
Category: 🏀体育频道, Name: 江苏体育, Total: 32, Valid: 0, Valid Percent: 0.00%, Whitelist: 0, IPv4: 0, IPv6: 32, Min Delay: -1 ms, Max Speed: 0.00 M/s, Avg Speed: 0.00 M/s, Max Resolution: None
Category: 🏀体育频道, Name: 安徽综艺体育, Total: 5, Valid: 4, Valid Percent: 80.00%, Whitelist: 0, IPv4: 0, IPv6: 5, Min Delay: 0.1 ms, Max Speed: 0.00 M/s, Avg Speed: 0.00 M/s, Max Resolution: 1920x1080
Category: 🏀体育频道, Name: 风云足球, Total: 6, Valid: 4, Valid Percent: 66.67%, Whitelist: 0, IPv4: 0, IPv6: 6, Min Delay: 0.1 ms, Max Speed: 0.00 M/s, Avg Speed: 0.00 M/s, Max Resolution: 1920x1080
Category: 🏀体育频道, Name: 魅力足球, Total: 13, Valid: 10, Valid Percent: 76.92%, Whitelist: 0, IPv4: 0, IPv6: 13, Min Delay: 0.1 ms, Max Speed: 0.00 M/s, Avg Speed: 0.00 M/s, Max Resolution: 1920x1080
Category: 🏀体育频道, Name: 快乐垂钓, Total: 24, Valid: 1, Valid Percent: 4.17%, Whitelist: 0, IPv4: 0, IPv6: 24, Min Delay: 0.1 ms, Max Speed: 0.00 M/s, Avg Speed: 0.00 M/s, Max Resolution: 1920x1080
Category: 🪁动画频道, Name: 少儿动画, Total: 10, Valid: 1, Valid Percent: 10.00%, Whitelist: 0, IPv4: 10, IPv6: 0, Min Delay: 10004 ms, Max Speed: 0.04 M/s, Avg Speed: 0.04 M/s, Max Resolution: 1920x1080
Category: 🪁动画频道, Name: 卡酷动画, Total: 4, Valid: 0, Valid Percent: 0.00%, Whitelist: 0, IPv4: 0, IPv6: 4, Min Delay: -1 ms, Max Speed: 0.00 M/s, Avg Speed: 0.00 M/s, Max Resolution: None
Category: 🪁动画频道, Name: 动漫秀场, Total: 19, Valid: 15, Valid Percent: 78.95%, Whitelist: 0, IPv4: 0, IPv6: 19, Min Delay: 0.1 ms, Max Speed: 0.00 M/s, Avg Speed: 0.00 M/s, Max Resolution: 1920x1080
Category: 🪁动画频道, Name: 新动漫, Total: 34, Valid: 0, Valid Percent: 0.00%, Whitelist: 0, IPv4: 0, IPv6: 34, Min Delay: -1 ms, Max Speed: 0.00 M/s, Avg Speed: 0.00 M/s, Max Resolution: None
Category: 🪁动画频道, Name: 青春动漫, Total: 2, Valid: 2, Valid Percent: 100.00%, Whitelist: 0, IPv4: 0, IPv6: 2, Min Delay: 0.1 ms, Max Speed: 0.00 M/s, Avg Speed: 0.00 M/s, Max Resolution: 1920x1080
Category: 🪁动画频道, Name: 爱动漫, Total: 5, Valid: 4, Valid Percent: 80.00%, Whitelist: 0, IPv4: 0, IPv6: 5, Min Delay: 0.1 ms, Max Speed: 0.00 M/s, Avg Speed: 0.00 M/s, Max Resolution: 1920x1080
Category: 🪁动画频道, Name: 宝宝动画, Total: 1, Valid: 1, Valid Percent: 100.00%, Whitelist: 0, IPv4: 0, IPv6: 1, Min Delay: 0.1 ms, Max Speed: 0.00 M/s, Avg Speed: 0.00 M/s, Max Resolution: 1920x1080
Category: 🪁动画频道, Name: CN卡通, Total: 4, Valid: 3, Valid Percent: 75.00%, Whitelist: 0, IPv4: 1, IPv6: 3, Min Delay: 0.1 ms, Max Speed: 22.58 M/s, Avg Speed: 7.53 M/s, Max Resolution: 1920x1080
Category: 🪁动画频道, Name: 优漫卡通, Total: 16, Valid: 12, Valid Percent: 75.00%, Whitelist: 0, IPv4: 0, IPv6: 16, Min Delay: 0.1 ms, Max Speed: 0.00 M/s, Avg Speed: 0.00 M/s, Max Resolution: 1920x1080
Category: 🪁动画频道, Name: 金鹰卡通, Total: 41, Valid: 32, Valid Percent: 78.05%, Whitelist: 0, IPv4: 0, IPv6: 41, Min Delay: 0.1 ms, Max Speed: 0.00 M/s, Avg Speed: 0.00 M/s, Max Resolution: 1920x1080
Category: 🪁动画频道, Name: 黑莓动画, Total: 8, Valid: 6, Valid Percent: 75.00%, Whitelist: 0, IPv4: 0, IPv6: 8, Min Delay: 0.1 ms, Max Speed: 0.00 M/s, Avg Speed: 0.00 M/s, Max Resolution: 1920x1080
Category: 🪁动画频道, Name: 炫动卡通, Total: 5, Valid: 0, Valid Percent: 0.00%, Whitelist: 0, IPv4: 0, IPv6: 5, Min Delay: -1 ms, Max Speed: 0.00 M/s, Avg Speed: 0.00 M/s, Max Resolution: None
Category: 🪁动画频道, Name: 24H国漫热播, Total: 1, Valid: 1, Valid Percent: 100.00%, Whitelist: 0, IPv4: 1, IPv6: 0, Min Delay: 63 ms, Max Speed: 7.53 M/s, Avg Speed: 7.53 M/s, Max Resolution: 1920x1080
Category: 🪁动画频道, Name: 浙江少儿, Total: 14, Valid: 12, Valid Percent: 85.71%, Whitelist: 0, IPv4: 0, IPv6: 14, Min Delay: 0.1 ms, Max Speed: 0.00 M/s, Avg Speed: 0.00 M/s, Max Resolution: 1920x1080
Category: 🪁动画频道, Name: 河北少儿科教, Total: 11, Valid: 8, Valid Percent: 72.73%, Whitelist: 0, IPv4: 0, IPv6: 11, Min Delay: 0.1 ms, Max Speed: 0.00 M/s, Avg Speed: 0.00 M/s, Max Resolution: 1920x1080
Category: 🪁动画频道, Name: 七龙珠, Total: 1, Valid: 0, Valid Percent: 0.00%, Whitelist: 0, IPv4: 0, IPv6: 1, Min Delay: -1 ms, Max Speed: 0.00 M/s, Avg Speed: 0.00 M/s, Max Resolution: None
Category: 🪁动画频道, Name: 火影忍者, Total: 1, Valid: 0, Valid Percent: 0.00%, Whitelist: 0, IPv4: 0, IPv6: 1, Min Delay: -1 ms, Max Speed: 0.00 M/s, Avg Speed: 0.00 M/s, Max Resolution: None
Category: 🪁动画频道, Name: 海绵宝宝, Total: 1, Valid: 1, Valid Percent: 100.00%, Whitelist: 0, IPv4: 0, IPv6: 1, Min Delay: 0.1 ms, Max Speed: 0.00 M/s, Avg Speed: 0.00 M/s, Max Resolution: 1920x1080
Category: 🪁动画频道, Name: 中华小当家, Total: 3, Valid: 2, Valid Percent: 66.67%, Whitelist: 0, IPv4: 0, IPv6: 3, Min Delay: 0.1 ms, Max Speed: 0.00 M/s, Avg Speed: 0.00 M/s, Max Resolution: 1920x1080
Category: 🪁动画频道, Name: 猫和老鼠, Total: 3, Valid: 2, Valid Percent: 66.67%, Whitelist: 0, IPv4: 0, IPv6: 3, Min Delay: 0.1 ms, Max Speed: 0.00 M/s, Avg Speed: 0.00 M/s, Max Resolution: 1920x1080
Category: 🪁动画频道, Name: 经典动漫, Total: 2, Valid: 2, Valid Percent: 100.00%, Whitelist: 0, IPv4: 0, IPv6: 2, Min Delay: 0.1 ms, Max Speed: 0.00 M/s, Avg Speed: 0.00 M/s, Max Resolution: 1920x1080
Category: 🪁动画频道, Name: 蜡笔小新, Total: 1, Valid: 1, Valid Percent: 100.00%, Whitelist: 0, IPv4: 1, IPv6: 0, Min Delay: 68 ms, Max Speed: 7.37 M/s, Avg Speed: 7.37 M/s, Max Resolution: 1920x1080
Category: 🪁动画频道, Name: 漫画解说, Total: 4, Valid: 2, Valid Percent: 50.00%, Whitelist: 0, IPv4: 0, IPv6: 4, Min Delay: 0.1 ms, Max Speed: 0.00 M/s, Avg Speed: 0.00 M/s, Max Resolution: 1920x1080
Category: 🎮游戏频道, Name: 游戏风云, Total: 8, Valid: 6, Valid Percent: 75.00%, Whitelist: 0, IPv4: 0, IPv6: 8, Min Delay: 0.1 ms, Max Speed: 0.00 M/s, Avg Speed: 0.00 M/s, Max Resolution: 1920x1080
Category: 🎮游戏频道, Name: 电竞天堂, Total: 1, Valid: 1, Valid Percent: 100.00%, Whitelist: 0, IPv4: 0, IPv6: 1, Min Delay: 0.1 ms, Max Speed: 0.00 M/s, Avg Speed: 0.00 M/s, Max Resolution: 1920x1080
Category: 🎮游戏频道, Name: 爱电竞, Total: 1, Valid: 1, Valid Percent: 100.00%, Whitelist: 0, IPv4: 0, IPv6: 1, Min Delay: 0.1 ms, Max Speed: 0.00 M/s, Avg Speed: 0.00 M/s, Max Resolution: 1920x1080
Category: 🏛经典剧场, Name: 笑傲江湖, Total: 4, Valid: 3, Valid Percent: 75.00%, Whitelist: 0, IPv4: 0, IPv6: 4, Min Delay: 0.1 ms, Max Speed: 0.00 M/s, Avg Speed: 0.00 M/s, Max Resolution: 1920x1080
Category: 🏛经典剧场, Name: 天龙八部, Total: 5, Valid: 4, Valid Percent: 80.00%, Whitelist: 0, IPv4: 0, IPv6: 5, Min Delay: 0.1 ms, Max Speed: 0.00 M/s, Avg Speed: 0.00 M/s, Max Resolution: 1920x1080
Category: 🏛经典剧场, Name: 鹿鼎记, Total: 1, Valid: 1, Valid Percent: 100.00%, Whitelist: 0, IPv4: 0, IPv6: 1, Min Delay: 0.1 ms, Max Speed: 0.00 M/s, Avg Speed: 0.00 M/s, Max Resolution: 1920x1080
Category: 🏛经典剧场, Name: 仙剑奇侠传, Total: 1, Valid: 1, Valid Percent: 100.00%, Whitelist: 0, IPv4: 0, IPv6: 1, Min Delay: 0.1 ms, Max Speed: 0.00 M/s, Avg Speed: 0.00 M/s, Max Resolution: 1920x1080
Category: 🏛经典剧场, Name: 射雕英雄传, Total: 1, Valid: 1, Valid Percent: 100.00%, Whitelist: 0, IPv4: 0, IPv6: 1, Min Delay: 0.1 ms, Max Speed: 0.00 M/s, Avg Speed: 0.00 M/s, Max Resolution: 1920x1080
